=== RED (guided-research/* pre-fix: INSURANCE-01, IDENTIFIER-FILLER-WORD-01, CONTRACTOR-01) ===
(node:23788) [MODULE_TYPELESS_PACKAGE_JSON] Warning: Module type of file:///C:/Users/makei/ask-trust-hub-r1-018-worktree/lib/guided-research/th-search-r1-018.test.ts is not specified and it doesn't parse as CommonJS.
Reparsing as ES module because module syntax was detected. This incurs a performance overhead.
To eliminate this warning, add "type": "module" to \\?\C:\Users\makei\ask-trust-hub-r1-018-worktree\package.json.
(Use `node --trace-warnings ...` to show where the warning was created)
file:///C:/Users/makei/ask-trust-hub-r1-018-worktree/lib/guided-research/th-search-r1-018.test.ts:10
import { createGuidedSession, parseLabeledIdentifier } from './session.ts';
                              ^^^^^^^^^^^^^^^^^^^^^^
SyntaxError: The requested module './session.ts' does not provide an export named 'parseLabeledIdentifier'
    at #asyncInstantiate (node:internal/modules/esm/module_job:327:21)
    at process.processTicksAndRejections (node:internal/process/task_queues:104:5)
    at async ModuleJob.run (node:internal/modules/esm/module_job:431:5)
    at async node:internal/modules/esm/loader:643:26
    at async asyncRunEntryPointWithESMLoader (node:internal/modules/run_main:101:5)

Node.js v24.19.0
✖ lib\guided-research\th-search-r1-018.test.ts (564.5703ms)
ℹ tests 1
ℹ suites 0
ℹ pass 0
ℹ fail 1
ℹ cancelled 0
ℹ skipped 0
ℹ todo 0
ℹ duration_ms 578.8177

✖ failing tests:

test at lib\guided-research\th-search-r1-018.test.ts:1:1
✖ lib\guided-research\th-search-r1-018.test.ts (564.5703ms)
  'test failed'

=== GREEN (fix restored) ===
(node:10912) [MODULE_TYPELESS_PACKAGE_JSON] Warning: Module type of file:///C:/Users/makei/ask-trust-hub-r1-018-worktree/lib/guided-research/th-search-r1-018.test.ts is not specified and it doesn't parse as CommonJS.
Reparsing as ES module because module syntax was detected. This incurs a performance overhead.
To eliminate this warning, add "type": "module" to \\?\C:\Users\makei\ask-trust-hub-r1-018-worktree\package.json.
(Use `node --trace-warnings ...` to show where the warning was created)
✔ INSURANCE SCOPE: named agency does not become an unscoped cohort (110.5775ms)
✔ INSURANCE SCOPE: named insurer does not become an agency cohort (112.579ms)
✔ INSURANCE SCOPE: ZIP is retained and handed off, never executed as an unscoped cohort (7.3643ms)
✔ INSURANCE SCOPE: unsupported local (bare city) path never becomes an unscoped cohort (7.9815ms)
✔ INSURANCE SCOPE: near-me stays fail-closed (unaffected control) (334.6717ms)
✔ INSURANCE SCOPE MUTATION: removing identityName mapping forces cohort (must fail if restored) (3.7379ms)
✔ IDENTIFIER FILLERS: NAIC positive formats extract the real value (12.7848ms)
✔ IDENTIFIER FILLERS: NPN positive formats extract the real value (12.5965ms)
✔ IDENTIFIER FILLERS: CRD positive formats extract the real value (9.2729ms)
✔ IDENTIFIER FILLERS: NMLS positive formats extract the real value (8.9812ms)
✔ IDENTIFIER FILLERS: LEI positive formats extract the real value (6.5882ms)
✔ IDENTIFIER FILLERS: trailing context is not swallowed as the value (3.7552ms)
✔ IDENTIFIER FILLERS negatives: missing value never fabricates an identifier (7.2499ms)
✔ IDENTIFIER FILLERS: a company containing the bare word "Code" is not treated as an identifier without a real label (0.3637ms)
✔ IDENTIFIER FILLERS MUTATION: restoring first-token-after-label behavior must fail these tests (0.5672ms)
✔ SENIOR DEICTIC: nursing home (5.5771ms)
✔ SENIOR DEICTIC: assisted living and hospice do not fabricate an entity name (6.9181ms)
✔ SENIOR DEICTIC: exact identifier positive is not blocked by the deictic guard (4.6726ms)
✔ SENIOR DEICTIC MUTATION: removing "nursing home" from deictic coverage must fail (must fail if restored) (1.9038ms)
✔ CONTRACTOR: live compatible contract (matching version+schema, different fingerprint) is accepted (9.8244ms)
✔ CONTRACTOR: stale/incompatible contractVersion is still rejected fail-closed (5.6851ms)
✔ CONTRACTOR: incompatible schemaFingerprint is still rejected fail-closed (4.7488ms)
✔ CONTRACTOR: wrong specialist envelope (contract family) is still rejected fail-closed (4.7732ms)
✔ CONTRACTOR: missing required result-state field is still rejected fail-closed (4.4143ms)
✔ CONTRACTOR: NJ and TX specialist semantics remain preserved (unaffected control) (10.3945ms)
✔ CONTRACTOR MUTATION: restoring the stale fingerprint-pinned lock must fail Broward execution (must fail if restored) (4.5218ms)
✔ CROSS DOMAIN: mover+lender requires clarification, never silently executes one domain (6.4553ms)
✔ CROSS DOMAIN: contractor+lender requires clarification (2.578ms)
✔ CROSS DOMAIN: insurance+lender requires clarification (2.8325ms)
✔ CROSS DOMAIN: move+senior requires clarification (3.9471ms)
✔ CROSS DOMAIN false-positive controls: single-domain company names and phrasings execute normally (1455.8821ms)
✔ CROSS DOMAIN control: the existing intentional Broward home-buying journey is preserved (2.4988ms)
✔ CROSS DOMAIN MUTATION: allowing lenderIntent early-return before the multi-domain plan check must fail (must fail if restored) (1.0778ms)
ℹ tests 33
ℹ suites 0
ℹ pass 33
ℹ fail 0
ℹ cancelled 0
ℹ skipped 0
ℹ todo 0
ℹ duration_ms 2884.9796
